#-----------------------------------------------------------
# Webtalk v2020.1 (64-bit)
# SW Build 2902540 on Wed May 27 19:54:49 MDT 2020
# IP Build 2902112 on Wed May 27 22:43:36 MDT 2020
# Start of session at: Tue Feb 24 13:51:57 2026
# Process ID: 5296
# Current directory: C:/Users/IBM/Desktop/sem 4 spring 2026/Computer Architecture/Lab05-Git_MyrahHussain_RomaisaShazad/lab5_ca/lab5_ca.sim/sim_1/behav/xsim
# Command line: wbtcv.exe -mode batch -source C:/Users/IBM/Desktop/sem 4 spring 2026/Computer Architecture/Lab05-Git_MyrahHussain_RomaisaShazad/lab5_ca/lab5_ca.sim/sim_1/behav/xsim/xsim.dir/tb_fsm_behav/webtalk/xsim_webtalk.tcl -notrace
# Log file: C:/Users/IBM/Desktop/sem 4 spring 2026/Computer Architecture/Lab05-Git_MyrahHussain_RomaisaShazad/lab5_ca/lab5_ca.sim/sim_1/behav/xsim/webtalk.log
# Journal file: C:/Users/IBM/Desktop/sem 4 spring 2026/Computer Architecture/Lab05-Git_MyrahHussain_RomaisaShazad/lab5_ca/lab5_ca.sim/sim_1/behav/xsim\webtalk.jou
#-----------------------------------------------------------
source C:/Users/IBM/Desktop/sem -notrace
